// Jest Snapshot v1, https://goo.gl/fbAQLP

exports[`TouchableHighlight renders correctly 1`] = `
<View
  acceptsFirstMouse={true}
  accessible={true}
  enableFocusRing={true}
  focusable={true}
  onClick={[Function]}
  onKeyDown={[Function]}
  onKeyUp={[Function]}
  onResponderGrant={[Function]}
  onResponderMove={[Function]}
  onResponderRelease={[Function]}
  onResponderTerminate={[Function]}
  onResponderTerminationRequest={[Function]}
  onStartShouldSetResponder={[Function]}
  style={Object {}}
>
  <Text>
    Touchable
  </Text>
</View>
`;
